<html>
<body>
<pre>
<h1>µVision Build Log</h1>
<h2>Tool Versions:</h2>
IDE-Version: ¦ÌVision V5.27.0.0
Copyright (C) 2018 ARM Ltd and ARM Germany GmbH. All rights reserved.
License Information: P C, ACME, LIC=14HV2-94W1Z-PCGJ8-3AILC-ZBPKF-BKEIM
 
Tool Versions:
Toolchain:       MDK-ARM Plus  Version: 5.27.0.0
Toolchain Path:  D:\Keil_v5\ARM\ARMCC\Bin
C Compiler:      Armcc.exe V5.06 update 6 (build 750)
Assembler:       Armasm.exe V5.06 update 6 (build 750)
Linker/Locator:  ArmLink.exe V5.06 update 6 (build 750)
Library Manager: ArmAr.exe V5.06 update 6 (build 750)
Hex Converter:   FromElf.exe V5.06 update 6 (build 750)
CPU DLL:         SARMCM3.DLL V5.27.0.0
Dialog DLL:      DCM.DLL V1.17.2.0
Target DLL:      UL2CM3.DLL V1.162.7.0
Dialog DLL:      TCM.DLL V1.36.1.0
 
<h2>Project:</h2>
E:\study\UCOS_III\Project\RVMDK\YH_uCOS_III.uvprojx
Project File Date:  10/30/2022

<h2>Output:</h2>
*** Using Compiler 'V5.06 update 6 (build 750)', folder: 'D:\Keil_v5\ARM\ARMCC\Bin'
Rebuild target 'Target 1'
compiling os_task.c...
..\..\User\uCOS_III\Source\os_task.c(14): warning:  #177-D: variable "p_sp"  was declared but never referenced
  	CPU_STK *p_sp;
..\..\User\uCOS_III\Source\os_task.c: 1 warning, 0 errors
compiling app.c...
..\..\User\app.c(4): warning:  #177-D: variable "Task1TCB"  was declared but never referenced
  static OS_TCB Task1TCB;
..\..\User\app.c(5): warning:  #177-D: variable "Task2TCB"  was declared but never referenced
  static OS_TCB Task2TCB;
..\..\User\app.c: 2 warnings, 0 errors
compiling os_cpu_c.c...
..\..\User\uC_CPU\os_cpu_c.c(10): warning:  #1-D: last line of file ends without a newline
  }
..\..\User\uC_CPU\os_cpu_c.c(10): warning:  #940-D: missing return statement at end of non-void function "OSTaskStkInit" 
  }
..\..\User\uC_CPU\os_cpu_c.c(8): warning:  #177-D: variable "p_stk"  was declared but never referenced
  	CPU_STK *p_stk;
..\..\User\uC_CPU\os_cpu_c.c: 3 warnings, 0 errors
compiling system_ARMCM3.c...
compiling startup_ARMCM3.c...
RTE\Device\ARMCM3\startup_ARMCM3.c(75): warning:  #2803-D: unrecognized GCC pragma
  #pragma GCC diagnostic push
RTE\Device\ARMCM3\startup_ARMCM3.c(76): warning:  #2803-D: unrecognized GCC pragma
  #pragma GCC diagnostic ignored "-Wpedantic"
RTE\Device\ARMCM3\startup_ARMCM3.c(113): warning:  #2803-D: unrecognized GCC pragma
  #pragma GCC diagnostic pop
RTE\Device\ARMCM3\startup_ARMCM3.c: 3 warnings, 0 errors
linking...
Program Size: Code=212 RO-data=976 RW-data=4 ZI-data=3584  
".\Objects\YH_uCOS_III.axf" - 0 Error(s), 9 Warning(s).

<h2>Software Packages used:</h2>

Package Vendor: ARM
                http://www.keil.com/pack/ARM.CMSIS.5.9.0.pack
                ARM.CMSIS.5.9.0
                CMSIS (Common Microcontroller Software Interface Standard)
   * Component: CORE Version: 5.6.0
   * Component: Startup Variant: C Startup Version: 2.0.3

<h2>Collection of Component include folders:</h2>
  .\RTE\_Target_1
  D:\Keil_v5\ARM\PACK\ARM\CMSIS\5.9.0\CMSIS\Core\Include
  D:\Keil_v5\ARM\PACK\ARM\CMSIS\5.9.0\Device\ARM\ARMCM3\Include

<h2>Collection of Component Files used:</h2>

   * Component: ARM::CMSIS:CORE:5.6.0

   * Component: ARM::Device:Startup:C Startup:2.0.3
      Include file:  Device\ARM\ARMCM3\Include\ARMCM3.h
      Source file:   Device\ARM\ARMCM3\Source\startup_ARMCM3.c
      Source file:   Device\ARM\ARMCM3\Source\system_ARMCM3.c
Build Time Elapsed:  00:00:01
</pre>
</body>
</html>
